---
source: elucid-language/src/semantic/command.rs
expression: result
---
Filter(
    Binary(
        NotEqual,
        Field(
            FieldRef {
                name: "status",
            },
        ),
        Literal(
            Number(
                404.0,
            ),
        ),
    ),
)
