---
source: elucid-language/src/semantic/expression.rs
expression: result
---
Binary(
    GreaterThan,
    Binary(
        Add,
        Field(
            FieldRef {
                name: "a",
            },
        ),
        Field(
            FieldRef {
                name: "b",
            },
        ),
    ),
    Literal(
        Number(
            10.0,
        ),
    ),
)
