---
source: elucid-language/src/semantic/pipeline.rs
expression: pipeline
---
Pipeline {
    source: SourceSpec {
        dataset: "test",
    },
    time_range: TimeRange {
        earliest: None,
        latest: None,
    },
    stages: [
        Filter(
            Binary(
                GreaterThan,
                Field(
                    FieldRef {
                        name: "a",
                    },
                ),
                Literal(
                    Number(
                        1.0,
                    ),
                ),
            ),
        ),
        Filter(
            Binary(
                LessThan,
                Field(
                    FieldRef {
                        name: "b",
                    },
                ),
                Literal(
                    Number(
                        2.0,
                    ),
                ),
            ),
        ),
        Sort(
            [
                SortSpec {
                    expr: Field(
                        FieldRef {
                            name: "a",
                        },
                    ),
                    order: Ascending,
                },
            ],
        ),
    ],
}
