---
source: elucid-language/src/semantic/pipeline.rs
expression: pipeline
---
Pipeline {
    source: SourceSpec {
        dataset: "test",
    },
    time_range: TimeRange {
        earliest: None,
        latest: None,
    },
    stages: [
        Aggregate {
            measures: [
                AggregateExpr {
                    function: "count",
                    argument: None,
                    alias: None,
                },
            ],
            group_by: [
                FieldRef {
                    name: "method",
                },
            ],
        },
        Sort(
            [
                SortSpec {
                    expr: Field(
                        FieldRef {
                            name: "count",
                        },
                    ),
                    order: Descending,
                },
            ],
        ),
        Limit(
            10,
        ),
    ],
}
