---
source: elucid-language/src/semantic/pipeline.rs
expression: pipeline
---
Pipeline {
    source: SourceSpec {
        dataset: "test",
    },
    time_range: TimeRange {
        earliest: None,
        latest: None,
    },
    stages: [
        Project(
            [
                FieldRef {
                    name: "name",
                },
                FieldRef {
                    name: "age",
                },
            ],
        ),
        Sort(
            [
                SortSpec {
                    expr: Field(
                        FieldRef {
                            name: "name",
                        },
                    ),
                    order: Ascending,
                },
            ],
        ),
        Limit(
            5,
        ),
    ],
}
