---
source: elucid-language/src/semantic/pipeline.rs
expression: pipeline
---
Pipeline {
    source: SourceSpec {
        dataset: "test",
    },
    time_range: TimeRange {
        earliest: None,
        latest: None,
    },
    stages: [
        Aggregate {
            measures: [
                AggregateExpr {
                    function: "sum",
                    argument: Some(
                        Field(
                            IrFieldRef {
                                name: "bytes",
                            },
                        ),
                    ),
                    alias: Some(
                        "total",
                    ),
                },
                AggregateExpr {
                    function: "count",
                    argument: None,
                    alias: None,
                },
            ],
            group_by: [
                IrFieldRef {
                    name: "method",
                },
            ],
        },
    ],
}
