---
source: elucid-language/src/parser/mod.rs
expression: ast
---
Query {
    source: "test",
    commands: [
        Sort(
            [
                SortExpression {
                    expression: Binary(
                        Add,
                        Field(
                            "a",
                        ),
                        Field(
                            "b",
                        ),
                    ),
                    order: Descending,
                },
            ],
        ),
    ],
}
