---
source: elucid-language/src/parser/mod.rs
expression: ast
---
Query {
    source: "test",
    commands: [
        Summarize {
            aggregates: [
                (
                    Call(
                        "count",
                        [],
                    ),
                    None,
                ),
            ],
            by: [
                Field(
                    "method",
                ),
                Field(
                    "status",
                ),
            ],
        },
    ],
}
