---
source: elucid-language/src/parser/mod.rs
expression: ast
---
Query {
    source: "test",
    commands: [
        Filter(
            Binary(
                And,
                Not(
                    Field(
                        "active",
                    ),
                ),
                Binary(
                    Equal,
                    Not(
                        Field(
                            "deleted",
                        ),
                    ),
                    Boolean(
                        false,
                    ),
                ),
            ),
        ),
    ],
}
