---
source: elucid-language/src/parser/mod.rs
expression: ast
---
Query {
    source: "test",
    commands: [
        Filter(
            Binary(
                Equal,
                Field(
                    "status",
                ),
                Number(
                    200.0,
                ),
            ),
        ),
    ],
}
