---
source: elucid-language/src/parser/mod.rs
expression: ast
---
Query {
    source: "test",
    commands: [
        Fields(
            [
                Field(
                    "name",
                ),
                Field(
                    "age",
                ),
                Field(
                    "active",
                ),
            ],
        ),
    ],
}
